exports[`Week component snapshot test Should compare the Week component with a snapshot 1`] = `
<div>
  <div
    className="row"
    style={
      Object {
        "verticalAlign": "middle",
      }
    }>
    <div
      className="col-sm-4 col-lg-3"
      style={
        Object {
          "verticalAlign": "middle",
        }
      }>
      <h2>
        <a>
          <<
        </a>
         
        Week # undefined
         
        <a>
          >>
        </a>
      </h2>
    </div>
  </div>
  <div
    className="row"
    style={
      Object {
        "verticalAlign": "middle",
      }
    }>
    <table
      cellPadding="10"
      cellSpacing="10">
      <thead>
        <tr>
          <th
            style={
              Object {
                "textAlign": "center",
              }
            }>
            Sunday
          </th>
          <th
            style={
              Object {
                "textAlign": "center",
              }
            }>
            Monday
          </th>
          <th
            style={
              Object {
                "textAlign": "center",
              }
            }>
            Tuesday
          </th>
          <th
            style={
              Object {
                "textAlign": "center",
              }
            }>
            Wednesday
          </th>
          <th
            style={
              Object {
                "textAlign": "center",
              }
            }>
            Thursday
          </th>
          <th
            style={
              Object {
                "textAlign": "center",
              }
            }>
            Friday
          </th>
          <th
            style={
              Object {
                "textAlign": "center",
              }
            }>
            Saturday
          </th>
        </tr>
      </thead>
      <tbody>
        <tr>
          <td
            style={
              Object {
                "borderStyle": "solid",
                "borderWidth": 5,
                "paddingBottom": 25,
                "paddingLeft": 25,
                "paddingRight": 25,
                "paddingTop": 25,
                "textAlign": "center",
                "verticalAlign": "top",
                "width": 100,
              }
            }>
            <a
              onClick={[Function]}
              style={Object {}}>
              <div
                style={
                  Object {
                    "fontWeight": "normal",
                  }
                }>
                15
                
                
              </div>
            </a>
          </td>
        </tr>
      </tbody>
    </table>
  </div>
</div>
`;
